[backblue.gif]
[fade.gif]
[index.html]
[www.capsu.org/1602/favicon.ico]
[www.capsu.org/1602/logo.jpg]
[www.capsu.org/1602/index.html]
[www.capsu.org/css/1602.css]
[www.capsu.org/css/print.css]
[www.capsu.org/1602/1.html]
[www.capsu.org/1602/2.html]
[www.capsu.org/1602/3.html]
[www.capsu.org/1602/4.html]
[www.capsu.org/1602/5.html]
[www.capsu.org/1602/6.html]
[www.capsu.org/1602/7.html]
[www.capsu.org/1602/8.html]
[www.capsu.org/1602/a.html]
[www.capsu.org/1602/essential_concepts.html]
[www.capsu.org/1602/setup_interface.html]
[www.capsu.org/1602/resources.html]
[www.capsu.org/1602/colony_buildings.html]
[www.capsu.org/1602/colony_development.html]
[www.capsu.org/1602/trade_diplomacy.html]
[www.capsu.org/1602/pirates_natives.html]
[www.capsu.org/1602/ships.html]
[www.capsu.org/1602/combat.html]
[www.capsu.org/1602/multiplayer.html]
[www.capsu.org/1602/tutorials.html]
[www.capsu.org/1602/the_end_of_a_long_trip.html]
[www.capsu.org/1602/one_lone_settlement.html]
[www.capsu.org/1602/the_search_for_ore_deposits.html]
[www.capsu.org/1602/peaceful_reign.html]
[www.capsu.org/1602/the_test.html]
[www.capsu.org/1602/little_land.html]
[www.capsu.org/1602/new_discoveries.html]
[www.capsu.org/1602/good_neigbors.html]
[www.capsu.org/1602/dark_clouds_on_the_horizon.html]
[www.capsu.org/1602/competition.html]
[www.capsu.org/1602/the_monopoly.html]
[www.capsu.org/1602/cooperation.html]
[www.capsu.org/1602/the_alliance.html]
[www.capsu.org/1602/a_plague_of_pirates.html]
[www.capsu.org/1602/the_intruder.html]
[www.capsu.org/1602/the_fortress.html]
[www.capsu.org/1602/nina_campaigns.html]
[www.capsu.org/1602/colony_planning.html]
[www.capsu.org/1602/industry_planning.html]
[www.capsu.org/1602/colony_management.html]
[www.capsu.org/1602/trade_strategies.html]
[www.capsu.org/1602/pirates_natives_strategies.html]
[www.capsu.org/1602/military_units.html]
[www.capsu.org/1602/military_tactics.html]
[www.capsu.org/1602/building_industry_data.html]
[www.capsu.org/1602/production_links.html]
[www.capsu.org/1602/population_per_industry.html]
[www.capsu.org/1602/production_efficiency.html]
[www.capsu.org/1602/military_data.html]
[www.capsu.org/1602/final_score.html]
[www.capsu.org/1602/ai_trade_prices.html]
[www.capsu.org/1602/keyboard_shortcuts.html]
