[backblue.gif]
[fade.gif]
[index.html]
[www.capsu.org/1503/favicon.ico]
[www.capsu.org/1503/logo.jpg]
[www.capsu.org/1503/index.html]
[www.capsu.org/css/1503.css]
[www.capsu.org/css/print.css]
[www.capsu.org/1503/1.html]
[www.capsu.org/1503/2.html]
[www.capsu.org/1503/3.html]
[www.capsu.org/1503/4.html]
[www.capsu.org/1503/5.html]
[www.capsu.org/1503/6.html]
[www.capsu.org/1503/7.html]
[www.capsu.org/1503/8.html]
[www.capsu.org/1503/9.html]
[www.capsu.org/1503/10.html]
[www.capsu.org/1503/a.html]
[www.capsu.org/1503/setup.html]
[www.capsu.org/1503/interface.html]
[www.capsu.org/1503/climate_resources.html]
[www.capsu.org/1503/roads_storage.html]
[www.capsu.org/1503/colony_buildings.html]
[www.capsu.org/1503/colony_development.html]
[www.capsu.org/1503/research.html]
[www.capsu.org/1503/trade_diplomacy.html]
[www.capsu.org/1503/pirates_natives.html]
[www.capsu.org/1503/ships.html]
[www.capsu.org/1503/military_units.html]
[www.capsu.org/1503/combat.html]
[www.capsu.org/1503/colony_planning.html]
[www.capsu.org/1503/industry_planning.html]
[www.capsu.org/1503/colony_management.html]
[www.capsu.org/1503/trade_strategy.html]
[www.capsu.org/1503/pirate_native_strategy.html]
[www.capsu.org/1503/military_strategy.html]
[www.capsu.org/1503/nova_fora.html]
[www.capsu.org/1503/barbarrossas_throne.html]
[www.capsu.org/1503/helter_skelter.html]
[www.capsu.org/1503/infernal_triad.html]
[www.capsu.org/1503/pack_ice.html]
[www.capsu.org/1503/toguldurs_stone.html]
[www.capsu.org/1503/new_acquaintances.html]
[www.capsu.org/1503/resistance.html]
[www.capsu.org/1503/genesis.html]
[www.capsu.org/1503/revenge.html]
[www.capsu.org/1503/quentins_reef.html]
[www.capsu.org/1503/justice.html]
[www.capsu.org/1503/good_or_bad.html]
[www.capsu.org/1503/hobsons_choice.html]
[www.capsu.org/1503/ruthless_richard.html]
[www.capsu.org/1503/friendly_neighbors.html]
[www.capsu.org/1503/the_bet.html]
[www.capsu.org/1503/playing_for_time.html]
[www.capsu.org/1503/settlement_recipe.html]
[www.capsu.org/1503/the_king_of_ore.html]
[www.capsu.org/1503/many_small_islands.html]
[www.capsu.org/1503/negative_influence.html]
[www.capsu.org/1503/siege.html]
[www.capsu.org/1503/the_marquess.html]
[www.capsu.org/1503/metropol.html]
[www.capsu.org/1503/scavenger_hunt.html]
[www.capsu.org/1503/brother_against_brother.html]
[www.capsu.org/1503/a_pirates_life.html]
[www.capsu.org/1503/ore_monopoly.html]
[www.capsu.org/1503/a_plague_of_pirates.html]
[www.capsu.org/1503/trade_with_montana.html]
[www.capsu.org/1503/sole_ruler.html]
[www.capsu.org/1503/smugglers.html]
[www.capsu.org/1503/mountains_of_fire.html]
[www.capsu.org/1503/the_native_americans_curse.html]
[www.capsu.org/1503/a_small_world.html]
[www.capsu.org/1503/desert_battle.html]
[www.capsu.org/1503/building_industry_data.html]
[www.capsu.org/1503/production_links.html]
[www.capsu.org/1503/production_efficiency.html]
[www.capsu.org/1503/military_ship_data.html]
[www.capsu.org/1503/research_trees.html]
